[sites/tc446/flash/myimage.swf]
[sites/tc446/mp2/flash/vectorme.swf]
[sites/tc446/mp3/flash/myanimation.swf]
[sites/tc446/mp4/flash/myinsect1.swf]
[sites/tc446/mp4/flash/myinsect2.swf]
[sites/tc446/mp5/flash/mygame.swf]
[sites/tc446/mp6/flash/myslideshow1.swf]
[sites/tc446/mp6/flash/myslideshow2.swf]
[sites/tc446/mp6/flash/myslideshowmockup.swf]
[sites/tc446/sp/flash/mybannerrough.swf]
[sites/tc446/sp/flash/mybanner.swf]
[index-2.html]
[images/banner.jpg]
[images/GameJamNovember2008/DSC04108.jpg]
[images/GameJamNovember2008/DSC04109.jpg]
[images/GameJamNovember2008/DSC04112.jpg]
[images/GameJamNovember2008/DSC04113.jpg]
[texts/resume.pdf]
[masonofsparta.png]
[affiliates/Buttons/firefox3/foxkeh-fx3-180x60.png]
[Icons/valid-xhtml10.png]
[css-validator/images/vcss.gif]
[styles/general.css]
[scripts/ufo.js]
[index-3.html]
[index2728.html]
[indexba69.html]
[sites/tc446/mp5/flash/mygame.swf]
[index7429.html]
[index1f54.html]
[index87f1.html]
[index6e03.html]
[index4ef9.html]
[index8cf0.html]
[projects.html]
[about.html]
[indexd629.html]
[indexf4dc.html]
[index615c.html]
[index4455.html]
[index75bd.html]
[index4be6.html]
[index33e1.html]
[index26c9.html]
[indexc5ba.html]
[images/sphere.jpg]
[programs/Sphere.exe]
[programs/SphereOSX.zip]
[images/saveyourbrains.jpg]
[programs/SaveYourBrains.exe]
[images/xna2_0installer.jpg]
[index968e.html]
[programs/xna2_0installer.zip]
[indexc336.html]
[indexde44.html]
[images/spacechaserace.jpg]
[index976d.html]
[programs/SpaceChaseRace.exe]
[indexfd57.html]
[index10fe.html]
[images/blobbo.jpg]
[index9ef8.html]
[programs/Blobbo!.exe]
[indexdede.html]
[index2cf6.html]
[index8ddd.html]
[index46a8.html]
[index0feb.html]
[index56c6.html]
[indexcef0.html]
[index8655.html]
[indexbdbc.html]
[index5255.html]
[indexc3c9.html]
[index8803.html]
[index3a9f.html]
[indexf13c.html]
[projectsa9bc.html]
[programs/SpherePlayer.html]
[projects9c7a.html]
[projects08be.html]
[projectse371.html]
[projectsd9dc.html]
[projects190a.html]
[projects2728.html]
[projects7429.html]
[projects8cf0.html]
[projectsd629.html]
[projects615c.html]
[projects4455.html]
[projects6fe4.html]
[projects5e35.html]
[projects52de.html]
[projects80df.html]
[projectsd342.html]
[projects7d26.html]
[projectseade.html]
[projects6f2a.html]
[projects695d.html]
[projects84f5.html]
[projects8bdb.html]
[projectsf6c9.html]
[projects59a0.html]
[sites/tc446/mp5/flash/mygame.swf]
[indexee97.html]
[index3490.html]
[indexdaa7.html]
[index1212.html]
[indexc6dc.html]
[index1415.html]
[indexc24c.html]
[index4379.html]
[indexd137.html]
[index59c3.html]
[indexc259.html]
[index39af.html]
[index0f03.html]
[index16c5.html]
[index22e5.html]
[index6c80.html]
[index1f07.html]
[index29cd.html]
[indexcb20.html]
[indexd321.html]
[indexff77.html]
[index51be.html]
[programs/SpherePlayer.unity3d]
[index7627.html]
[index439a.html]
[index7430.html]
[index3e7d.html]
[images/polybomber.jpg]
[index1d91.html]
[programs/PolyBomber.exe]
[index0e7a.html]
[index98f0.html]
[images/haven.jpg]
[indexe195.html]
[programs/Haven.exe]
[index2c7b.html]
[index359b.html]
[images/446.jpg]
[index84fa.html]
[indexf60f.html]
[indexbf43.html]
[indexea37.html]
[indexcb37.html]
[index99c4.html]
[index3461.html]
[indexc637.html]
[index87cc.html]
[index4ed5.html]
[index75b3.html]
[projects2c22.html]
[projectsc951.html]
[projectsf662.html]
[projectscd25.html]
[projectseb8f.html]
[sites/tc446/index.html]
[projectse734.html]
[projects9309.html]
[projectse3ab.html]
[projects205d.html]
[projectsc6ef.html]
[projects635a.html]
[projects6209.html]
[projectsd604.html]
[projects0f96.html]
[projectsd56c.html]
[projects1d37.html]
[projectsd21c.html]
[projects4e1b.html]
[projects4b7a.html]
[projectsa823.html]
[projects3e13.html]
[projects53b6.html]
[projectsd3b5.html]
[projects3390.html]
[projects3af5.html]
[projects26ba.html]
[projectsc1fc.html]
[images/valentine.jpg]
[projects9c0c.html]
[programs/valentine.zip]
[projectsaae6.html]
[projects4de8.html]
[images/colbert.jpg]
[projectsf117.html]
[programs/ColbertsPunchingAdventure.exe]
[projects48d3.html]
[projectsf301.html]
[projectsa15d.html]
[projects2114.html]
[projectsdb7e.html]
[projects5b50.html]
[projects6990.html]
[projects9dc7.html]
[projects2b3e.html]
[projects4762.html]
[projects1505.html]
[projects2023.html]
[projects48ef.html]
[projects5d6d.html]
[projects31e7.html]
[images/galactalvania.jpg]
[projectsdf69.html]
[programs/Galactalvania.exe]
[projectsda72.html]
[projectsfd20.html]
[projectse57c.html]
[projectsd9ab.html]
[projects2ab9.html]
[projects462e.html]
[projectsdcfd.html]
[projects5255.html]
[projects6e03.html]
[projectsc3c9.html]
[projects87f1.html]
[projectsf13c.html]
[projects835b.html]
[projects13a4.html]
[projectsf4e0.html]
[projects7c12.html]
[projects3490.html]
[projects9332.html]
[projects1415.html]
[projects97ff.html]
[projects4379.html]
[projects1686.html]
[projects3f02.html]
[images/breakoutz.jpg]
[projects2761.html]
[projectsb584.html]
[programs/BreakoutZ.exe]
[projects416d.html]
[projects955f.html]
[projectsca12.html]
[images/ssis.jpg]
[projectse673.html]
[programs/ShootingStuffInSpace.exe]
[projectsff8b.html]
[projects572b.html]
[images/zen.jpg]
[projects611d.html]
[projects4522.html]
[projects0df2.html]
[images/sticks.jpg]
[programs/SticksOfFury.exe]
[projects1527.html]
[projects9700.html]
[projects7d76.html]
[images/bnb.jpg]
[zengarden-sample.b.delayed]
[sites/zen/index.html]
[programs/BloodAndBronze.exe]
[projects76d4.html]
[images/bernoxx.jpg]
[programs/ChroniclesOfBernoxx.exe]
[projects92f6.html]
[projectscdb7.html]
[projects4c84.html]
[audio/finalpsa.wav]
[projects9bde.html]
[projects21cc.html]
[projectsd513.html]
[projects84fa.html]
[projects05f7.html]
[projects2b36.html]
[projects52ec.html]
[projectse0ae.html]
[projects41d3.html]
[projects21a6.html]
[projectse55b.html]
[projectsf60e.html]
[projectsa3ee.html]
[projects90bc.html]
[projectsb939.html]
[projects5af1.html]
[projectsc7b5.html]
[indexb4c1.html]
[index95b1.html]
[index08c9.html]
[index0750.html]
[images/shared/download_buttons/get_flash_player.gif]
[indexcb5b.html]
[index5cfa.html]
[sites/tc446/images/halo.jpg]
[projectsca8b.html]
[sites/tc446/styles/style.css]
[sites/tc446/scripts/ufo.js]
[sites/tc446/mp2/index.html]
[sites/tc446/mp3/index.html]
[sites/tc446/mp4/index.html]
[sites/tc446/mp5/index.html]
[sites/tc446/mp6/index.html]
[sites/tc446/sp/index.html]
[projectsb360.html]
[projects8b59.html]
[projectsef9b.html]
[projectsb263.html]
[projects9152.html]
[projects523e.html]
[projects2b68.html]
[projects3ebb.html]
[projects3435.html]
[projects2bd5.html]
[projects0f3b.html]
[projectsc080.html]
[projects7b8b.html]
[projectsfe30.html]
[projects359f.html]
[projectsfac4.html]
[projects1871.html]
[projectsba35.html]
[projects578f.html]
[projects381c.html]
[projects036e.html]
[projects6ea2.html]
[projects65eb.html]
[projectsf50e.html]
[projects999f.html]
[projects28e6.html]
[projectsbfbd.html]
[projects6651.html]
[projectsd50e.html]
[projects5dd3.html]
[projectsc735.html]
[projects083c.html]
[projects4f86.html]
[projects0feb.html]
[projects3d51.html]
[projectsdfc7.html]
[projects52a7.html]
[projects41ad.html]
[projects7a56.html]
[projects1677.html]
[projects1b90.html]
[projects9c35.html]
[projects6142.html]
[projects9d9b.html]
[projects24d5.html]
[projectsfa4d.html]
[projects9518.html]
[projects2c40.html]
[projects10f3.html]
[projects768e.html]
[projects7db6.html]
[projects421c.html]
[projects2dd9.html]
[projects1dc3.html]
[projectsdffc.html]
[projectsaa1b.html]
[projectsbc3b.html]
[projects4fb2.html]
[projects8605.html]
[projectse1eb.html]
[projectseee4.html]
[projects334a.html]
[projects8352.html]
[projects772d.html]
[projects21f2.html]
[projectscd42.html]
[projectscf6e.html]
[projectscec8.html]
[projects6502.html]
[projects041f.html]
[projects3e97.html]
[projects022c.html]
[projectsa247.html]
[projects3614.html]
[projects8b3e.html]
[projectsb2e2.html]
[projects2d7b.html]
[projectsda2b.html]
[projects9423.html]
[projectse066.html]
[projects46a8.html]
[projectse984.html]
[projects7b7a.html]
[projectsaa1d.html]
[projectsad92.html]
[projects5a8f.html]
[projectsa5aa.html]
[projectsc7d2.html]
[projectsf9c8.html]
[projects8240.html]
[projects4a7d.html]
[projectscff5.html]
[projects6b6f.html]
[projects96cd.html]
[projects90c7.html]
[projects159e.html]
[projects5cd4.html]
[projects7bc4.html]
[projects65c4.html]
[projects012d.html]
[projectsab74.html]
[projectsbbbc.html]
[projects3639.html]
[projectsc632.html]
[projects033d.html]
[projects15cf.html]
[projectsc1ee.html]
[projects5d95.html]
[projectseda6.html]
[projects417c.html]
[projectsf3c2.html]
[projects0c3c.html]
[projectsd5be.html]
[projectsa18a.html]
[projectsa02b.html]
[projects6ade.html]
[projects7b57.html]
[projects47a8.html]
[projectsb3a2.html]
[projects2a46.html]
[projects3ed8.html]
[projects3c7c.html]
[projectse08a.html]
[projects3479.html]
[projects0339.html]
[projects5f22.html]
[projectsc840.html]
[projects8549.html]
[projects0edc.html]
[projects7c3f.html]
[projects5021.html]
[projects224b.html]
[projects1e36.html]
[projectsc0c7.html]
[projectsd6c6.html]
[projects4920.html]
[projects489e.html]
[projectsd9fd.html]
[projectsdc13.html]
[projects25ca.html]
[projects3f7f.html]
[projects449a.html]
[projects9ac4.html]
[projects6893.html]
[projectsc026.html]
[projectsd7a7.html]
[projectsd8d0.html]
[projects840b.html]
[projects28f0.html]
[projects8803.html]
[projectsd61c.html]
[projects3a9f.html]
[projects4ef9.html]
[projectsd708.html]
[projectse556.html]
[projects821f.html]
[projectsa752.html]
[projects8f2d.html]
[projectsf62b.html]
[projects6dee.html]
[projects9688.html]
[sites/zen/styles/zenstyle.css]
[sites/tc446/mp2/images/DSC03059.jpg]
[sites/tc446/mp2/flash/vectorme.fla]
[sites/zen/sample.html]
[sites/tc446/mp3/images/storyboard.png]
[examples/style.css]
[001/001.css]
[sites/tc446/mp3/flash/myanimation.fla]
[sites/tc446/mp3/images/storyboardsm.png]
[projects2e6d.html]
[projects41f8.html]
[sites/tc446/mp4/flash/myinsect2.fla]
[sites/tc446/mp4/flash/myinsect1.fla]
[projectsd7df.html]
[projects6fb1.html]
[sites/tc446/mp5/flash/mygame.fla]
[projectsbbcc.html]
[sites/tc446/mp6/flash/myslideshowmockup.fla]
[projectsbc7d.html]
[sites/tc446/mp6/flash/myslideshow1.fla]
[projectsba45.html]
[projectsf6e8.html]
[sites/tc446/sp/documents/writeup.pdf]
[sites/tc446/sp/images/storyboard.bmp]
[sites/tc446/mp6/flash/myslideshow2.fla]
[sites/tc446/sp/images/storyboardsm.bmp]
[sites/tc446/sp/flash/mybannerrough.fla]
[projects9d01.html]
[sites/tc446/mp5/documentation/wiki.html]
[projectsa7c7.html]
[projectse772.html]
[projectsd902.html]
[projects33c0.html]
[projectsb746.html]
[projects893d.html]
[projects9e5a.html]
[projectsbbab.html]
[projects105a.html]
[projectse807.html]
[projects3e71.html]
[projects70fb.html]
[projects2e9f.html]
[projects2101.html]
[projects2957.html]
[projects1286.html]
[projects2f4e.html]
[projects78e2.html]
[projectsd741.html]
[projects9928.html]
[projects041c.html]
[projects6b41.html]
[projects9eb5.html]
[projects5bdd.html]
[projectsaf02.html]
[projects99e4.html]
[projects6200.html]
[projectsa2f6.html]
[projectsf61b.html]
[projects0f75.html]
[projects7a8a.html]
[projects299b.html]
[projects198e.html]
[projects29d3.html]
[projectsb598.html]
[projects8717.html]
[projectscb56.html]
[projectsdd77.html]
[projects42bb.html]
[projectsa461.html]
[projects6829.html]
[projectsbab1.html]
[projects156a.html]
[projects4679.html]
[projectsa8aa.html]
[projects6fb5.html]
[projectsbd7a.html]
[projectsf8eb.html]
[projects5dc1.html]
[projects09b6.html]
[projectsf60a.html]
[projectseb24.html]
[projectsfe13.html]
[projectsfe9d.html]
[projects8776.html]
[projects913a.html]
[projects9b1f.html]
[projectsde49.html]
[projects9041.html]
[projects167c.html]
[projectse677.html]
[projects8f36.html]
[projectsc382.html]
[projectsec8b.html]
[projectsf1d7.html]
[projectsacb2.html]
[projects5982.html]
[projectsdf6a.html]
[projects3af8.html]
[projectse4c3.html]
[projectsab4b.html]
[projects47c8.html]
[projects0112.html]
[projects73e4.html]
[projects9bd5.html]
[projectsec4c.html]
[projectsa7c7-2.html]
[projectsf6cc.html]
[projects8ce9.html]
[projects5d7a.html]
[sites/zen/images/clouds.jpg]
[projectsa154.html]
[sites/zen/images/banner.png]
[projects27c2.html]
[sites/zen/images/mushroom.png]
[projects4f8f.html]
[sites/zen/images/yoshi.png]
[projectse4a9.html]
[sites/zen/images/mario.png]
[sites/zen/images/ghosts.png]
[sites/zen/images/pit.png]
[projects0b30.html]
[projects681a.html]
[projects0055.html]
[projectsf41b.html]
[examples/blossoms.html]
[examples/zen-bg.html]
[examples/h1.html]
[examples/h2.html]
[examples/paper-bg.html]
[examples/h3.html]
[examples/h5.html]
[examples/h6.html]
[examples/cr1.html]
[examples/cr2.html]
[TR/xhtml11/DTD/xhtml11.dtd]
[sites/tc446/mp5/documentation/woas.html]
